                                 Started job on |	Nov 29 01:03:13
                             Started mapping on |	Nov 29 01:03:14
                                    Finished on |	Nov 29 01:03:26
       Mapping speed, Million of reads per hour |	30.00

                          Number of input reads |	100000
                      Average input read length |	200
                                    UNIQUE READS:
                   Uniquely mapped reads number |	92610
                        Uniquely mapped reads % |	92.61%
                          Average mapped length |	198.17
                       Number of splices: Total |	34087
            Number of splices: Annotated (sjdb) |	33841
                       Number of splices: GT/AG |	33813
                       Number of splices: GC/AG |	222
                       Number of splices: AT/AC |	6
               Number of splices: Non-canonical |	46
                      Mismatch rate per base, % |	0.43%
                         Deletion rate per base |	0.01%
                        Deletion average length |	2.34
                        Insertion rate per base |	0.01%
                       Insertion average length |	2.47
                             MULTI-MAPPING READS:
        Number of reads mapped to multiple loci |	1657
             % of reads mapped to multiple loci |	1.66%
        Number of reads mapped to too many loci |	221
             % of reads mapped to too many loci |	0.22%
                                  UNMAPPED READS:
       % of reads unmapped: too many mismatches |	0.00%
                 % of reads unmapped: too short |	5.45%
                     % of reads unmapped: other |	0.06%
                                  CHIMERIC READS:
                       Number of chimeric reads |	0
                            % of chimeric reads |	0.00%

